  L7 sweep 16 V-Vmin 23296 3s
  L7 sweep 32 V-Vmin 2732 6s
  L7 sweep 48 V-Vmin 548 10s
  L7 sweep 64 V-Vmin 156 14s
  L7 sweep 80 V-Vmin 52 17s
  L7 sweep 96 V-Vmin 24 20s
  L7 sweep 112 V-Vmin 14 24s
  L7 sweep 128 V-Vmin 6 27s
  L7 sweep 144 V-Vmin 6 30s
  L7 sweep 160 V-Vmin 4 34s
step L6->L7: sweeps 173, super-horizon b [1.157029, 0.940504], theta/step [-0.42085, 0.17699], origin survival b [1.157029, 0.940504], 37s
geometry L8: 1310720 carriers, 1966080 inter seams, 1 component(s), 48.525 s
  L8 sweep 16 V-Vmin 93236 15s
  L8 sweep 32 V-Vmin 9878 29s
  L8 sweep 48 V-Vmin 1672 45s
  L8 sweep 64 V-Vmin 362 60s
  L8 sweep 80 V-Vmin 114 76s
  L8 sweep 96 V-Vmin 44 91s
  L8 sweep 112 V-Vmin 8 106s
  L8 sweep 128 V-Vmin 0 121s
step L7->L8: sweeps 128, super-horizon b [0.969531, 0.966333, 0.979627], theta/step [0.08928, 0.09882, 0.05939], origin survival b [1.099773, 0.920604, 0.791966], 208s
cocycle: {'product_of_single_step_survivals': 1.038816, 'origin_survival_after_all_steps': 0.894741, 'ratio': 0.861309, 'theta_per_step_from_origin': 0.08023}
